# assets/city.map — 32 sprites
# idx  name                                         tile     slice    z-frames  offset
[  0]  10_obj000                                      40x40    36x36      26  0
[  1]  11_obj000                                      72x72    72x72      54  26
[  2]  12_obj000                                      24x24    18x18      15  80
[  3]  13_obj000                                      24x24    18x18      15  95
[  4]  1_obj000                                       40x40    36x36      32  110
[  5]  1story_000                                     32x32    25x25      11  142
[  6]  2_obj000                                       40x40    36x36      36  153
[  7]  2story_obj000                                  32x32    25x25      16  189
[  8]  3_obj000                                       40x40    36x36      37  205
[  9]  3story_000                                     32x32    25x25      17  242
[ 10]  4_obj000                                       40x40    36x36      36  259
[ 11]  5_obj000                                       40x40    36x36      35  295
[ 12]  6_obj000                                       40x40    36x36     103  330
[ 13]  7_obj000                                       40x40    36x36      56  433
[ 14]  8_obj000                                       40x40    36x36      40  489
[ 15]  9_obj000                                       40x40    36x36      40  529
[ 16]  Bar_obj000                                     48x64    48x60      50  569
[ 17]  Building01_obj000                              40x72    40x70      43  619
[ 18]  Building02_obj000                              48x64    44x64      50  662
[ 19]  Building03_obj000                              32x80    30x80      43  712
[ 20]  CandyShop_obj000                               40x56    35x52      43  755
[ 21]  Casino_obj000                                  72x80    70x80      60  798
[ 22]  House01_obj000                                 40x56    33x52      29  858
[ 23]  House02_obj000                                 48x48    48x44      55  887
[ 24]  House03_obj000                                 64x40    60x40      70  942
[ 25]  House04_obj000                                 56x64    52x60      60  1012
[ 26]  Market_obj000                                  40x56    35x55      41  1072
[ 27]  PizzaPlace_obj000                              40x56    39x56      42  1113
[ 28]  Veh-000a_obj000                                16x32    15x30       9  1155
[ 29]  Veh-001a_000                                   24x40    19x36      13  1164
[ 30]  Veh-002a_000                                   24x32    19x27      10  1177
[ 31]  Veh-003a_000                                   24x40    17x33      14  1187
