# assets/d4.map — 253 sprites
# idx  name                                         tile     slice    z-frames  offset
[  0]  font8x16_001                                    8x16     8x16       1  0
[  1]  font8x16_002                                    8x16     8x16       1  1
[  2]  font8x16_003                                    8x16     8x16       1  2
[  3]  font8x16_004                                    8x16     8x16       1  3
[  4]  font8x16_005                                    8x16     8x16       1  4
[  5]  font8x16_006                                    8x16     8x16       1  5
[  6]  font8x16_007                                    8x16     8x16       1  6
[  7]  font8x16_008                                    8x16     8x16       1  7
[  8]  font8x16_009                                    8x16     8x16       1  8
[  9]  font8x16_010                                    8x16     8x16       1  9
[ 10]  font8x16_011                                    8x16     8x16       1  10
[ 11]  font8x16_012                                    8x16     8x16       1  11
[ 12]  font8x16_013                                    8x16     8x16       1  12
[ 13]  font8x16_014                                    8x16     8x16       1  13
[ 14]  font8x16_015                                    8x16     8x16       1  14
[ 15]  font8x16_016                                    8x16     8x16       1  15
[ 16]  font8x16_017                                    8x16     8x16       1  16
[ 17]  font8x16_018                                    8x16     8x16       1  17
[ 18]  font8x16_019                                    8x16     8x16       1  18
[ 19]  font8x16_020                                    8x16     8x16       1  19
[ 20]  font8x16_021                                    8x16     8x16       1  20
[ 21]  font8x16_022                                    8x16     8x16       1  21
[ 22]  font8x16_023                                    8x16     8x16       1  22
[ 23]  font8x16_024                                    8x16     8x16       1  23
[ 24]  font8x16_025                                    8x16     8x16       1  24
[ 25]  font8x16_026                                    8x16     8x16       1  25
[ 26]  font8x16_027                                    8x16     8x16       1  26
[ 27]  font8x16_028                                    8x16     8x16       1  27
[ 28]  font8x16_029                                    8x16     8x16       1  28
[ 29]  font8x16_030                                    8x16     8x16       1  29
[ 30]  font8x16_031                                    8x16     8x16       1  30
[ 31]  font8x16_033                                    8x16     8x16       1  31
[ 32]  font8x16_034                                    8x16     8x16       1  32
[ 33]  font8x16_035                                    8x16     8x16       1  33
[ 34]  font8x16_036                                    8x16     8x16       1  34
[ 35]  font8x16_037                                    8x16     8x16       1  35
[ 36]  font8x16_038                                    8x16     8x16       1  36
[ 37]  font8x16_039                                    8x16     8x16       1  37
[ 38]  font8x16_040                                    8x16     8x16       1  38
[ 39]  font8x16_041                                    8x16     8x16       1  39
[ 40]  font8x16_042                                    8x16     8x16       1  40
[ 41]  font8x16_043                                    8x16     8x16       1  41
[ 42]  font8x16_044                                    8x16     8x16       1  42
[ 43]  font8x16_045                                    8x16     8x16       1  43
[ 44]  font8x16_046                                    8x16     8x16       1  44
[ 45]  font8x16_047                                    8x16     8x16       1  45
[ 46]  font8x16_048                                    8x16     8x16       1  46
[ 47]  font8x16_049                                    8x16     8x16       1  47
[ 48]  font8x16_050                                    8x16     8x16       1  48
[ 49]  font8x16_051                                    8x16     8x16       1  49
[ 50]  font8x16_052                                    8x16     8x16       1  50
[ 51]  font8x16_053                                    8x16     8x16       1  51
[ 52]  font8x16_054                                    8x16     8x16       1  52
[ 53]  font8x16_055                                    8x16     8x16       1  53
[ 54]  font8x16_056                                    8x16     8x16       1  54
[ 55]  font8x16_057                                    8x16     8x16       1  55
[ 56]  font8x16_058                                    8x16     8x16       1  56
[ 57]  font8x16_059                                    8x16     8x16       1  57
[ 58]  font8x16_060                                    8x16     8x16       1  58
[ 59]  font8x16_061                                    8x16     8x16       1  59
[ 60]  font8x16_062                                    8x16     8x16       1  60
[ 61]  font8x16_063                                    8x16     8x16       1  61
[ 62]  font8x16_064                                    8x16     8x16       1  62
[ 63]  font8x16_065                                    8x16     8x16       1  63
[ 64]  font8x16_066                                    8x16     8x16       1  64
[ 65]  font8x16_067                                    8x16     8x16       1  65
[ 66]  font8x16_068                                    8x16     8x16       1  66
[ 67]  font8x16_069                                    8x16     8x16       1  67
[ 68]  font8x16_070                                    8x16     8x16       1  68
[ 69]  font8x16_071                                    8x16     8x16       1  69
[ 70]  font8x16_072                                    8x16     8x16       1  70
[ 71]  font8x16_073                                    8x16     8x16       1  71
[ 72]  font8x16_074                                    8x16     8x16       1  72
[ 73]  font8x16_075                                    8x16     8x16       1  73
[ 74]  font8x16_076                                    8x16     8x16       1  74
[ 75]  font8x16_077                                    8x16     8x16       1  75
[ 76]  font8x16_078                                    8x16     8x16       1  76
[ 77]  font8x16_079                                    8x16     8x16       1  77
[ 78]  font8x16_080                                    8x16     8x16       1  78
[ 79]  font8x16_081                                    8x16     8x16       1  79
[ 80]  font8x16_082                                    8x16     8x16       1  80
[ 81]  font8x16_083                                    8x16     8x16       1  81
[ 82]  font8x16_084                                    8x16     8x16       1  82
[ 83]  font8x16_085                                    8x16     8x16       1  83
[ 84]  font8x16_086                                    8x16     8x16       1  84
[ 85]  font8x16_087                                    8x16     8x16       1  85
[ 86]  font8x16_088                                    8x16     8x16       1  86
[ 87]  font8x16_089                                    8x16     8x16       1  87
[ 88]  font8x16_090                                    8x16     8x16       1  88
[ 89]  font8x16_091                                    8x16     8x16       1  89
[ 90]  font8x16_092                                    8x16     8x16       1  90
[ 91]  font8x16_093                                    8x16     8x16       1  91
[ 92]  font8x16_094                                    8x16     8x16       1  92
[ 93]  font8x16_095                                    8x16     8x16       1  93
[ 94]  font8x16_096                                    8x16     8x16       1  94
[ 95]  font8x16_097                                    8x16     8x16       1  95
[ 96]  font8x16_098                                    8x16     8x16       1  96
[ 97]  font8x16_099                                    8x16     8x16       1  97
[ 98]  font8x16_100                                    8x16     8x16       1  98
[ 99]  font8x16_101                                    8x16     8x16       1  99
[100]  font8x16_102                                    8x16     8x16       1  100
[101]  font8x16_103                                    8x16     8x16       1  101
[102]  font8x16_104                                    8x16     8x16       1  102
[103]  font8x16_105                                    8x16     8x16       1  103
[104]  font8x16_106                                    8x16     8x16       1  104
[105]  font8x16_107                                    8x16     8x16       1  105
[106]  font8x16_108                                    8x16     8x16       1  106
[107]  font8x16_109                                    8x16     8x16       1  107
[108]  font8x16_110                                    8x16     8x16       1  108
[109]  font8x16_111                                    8x16     8x16       1  109
[110]  font8x16_112                                    8x16     8x16       1  110
[111]  font8x16_113                                    8x16     8x16       1  111
[112]  font8x16_114                                    8x16     8x16       1  112
[113]  font8x16_115                                    8x16     8x16       1  113
[114]  font8x16_116                                    8x16     8x16       1  114
[115]  font8x16_117                                    8x16     8x16       1  115
[116]  font8x16_118                                    8x16     8x16       1  116
[117]  font8x16_119                                    8x16     8x16       1  117
[118]  font8x16_120                                    8x16     8x16       1  118
[119]  font8x16_121                                    8x16     8x16       1  119
[120]  font8x16_122                                    8x16     8x16       1  120
[121]  font8x16_123                                    8x16     8x16       1  121
[122]  font8x16_124                                    8x16     8x16       1  122
[123]  font8x16_125                                    8x16     8x16       1  123
[124]  font8x16_126                                    8x16     8x16       1  124
[125]  font8x16_127                                    8x16     8x16       1  125
[126]  font8x16_128                                    8x16     8x16       1  126
[127]  font8x16_129                                    8x16     8x16       1  127
[128]  font8x16_130                                    8x16     8x16       1  128
[129]  font8x16_131                                    8x16     8x16       1  129
[130]  font8x16_132                                    8x16     8x16       1  130
[131]  font8x16_133                                    8x16     8x16       1  131
[132]  font8x16_134                                    8x16     8x16       1  132
[133]  font8x16_135                                    8x16     8x16       1  133
[134]  font8x16_136                                    8x16     8x16       1  134
[135]  font8x16_137                                    8x16     8x16       1  135
[136]  font8x16_138                                    8x16     8x16       1  136
[137]  font8x16_139                                    8x16     8x16       1  137
[138]  font8x16_140                                    8x16     8x16       1  138
[139]  font8x16_141                                    8x16     8x16       1  139
[140]  font8x16_142                                    8x16     8x16       1  140
[141]  font8x16_143                                    8x16     8x16       1  141
[142]  font8x16_144                                    8x16     8x16       1  142
[143]  font8x16_145                                    8x16     8x16       1  143
[144]  font8x16_146                                    8x16     8x16       1  144
[145]  font8x16_147                                    8x16     8x16       1  145
[146]  font8x16_148                                    8x16     8x16       1  146
[147]  font8x16_149                                    8x16     8x16       1  147
[148]  font8x16_150                                    8x16     8x16       1  148
[149]  font8x16_151                                    8x16     8x16       1  149
[150]  font8x16_152                                    8x16     8x16       1  150
[151]  font8x16_153                                    8x16     8x16       1  151
[152]  font8x16_154                                    8x16     8x16       1  152
[153]  font8x16_155                                    8x16     8x16       1  153
[154]  font8x16_156                                    8x16     8x16       1  154
[155]  font8x16_157                                    8x16     8x16       1  155
[156]  font8x16_158                                    8x16     8x16       1  156
[157]  font8x16_159                                    8x16     8x16       1  157
[158]  font8x16_160                                    8x16     8x16       1  158
[159]  font8x16_161                                    8x16     8x16       1  159
[160]  font8x16_162                                    8x16     8x16       1  160
[161]  font8x16_163                                    8x16     8x16       1  161
[162]  font8x16_164                                    8x16     8x16       1  162
[163]  font8x16_165                                    8x16     8x16       1  163
[164]  font8x16_166                                    8x16     8x16       1  164
[165]  font8x16_167                                    8x16     8x16       1  165
[166]  font8x16_168                                    8x16     8x16       1  166
[167]  font8x16_169                                    8x16     8x16       1  167
[168]  font8x16_170                                    8x16     8x16       1  168
[169]  font8x16_171                                    8x16     8x16       1  169
[170]  font8x16_172                                    8x16     8x16       1  170
[171]  font8x16_173                                    8x16     8x16       1  171
[172]  font8x16_174                                    8x16     8x16       1  172
[173]  font8x16_175                                    8x16     8x16       1  173
[174]  font8x16_176                                    8x16     8x16       1  174
[175]  font8x16_177                                    8x16     8x16       1  175
[176]  font8x16_178                                    8x16     8x16       1  176
[177]  font8x16_179                                    8x16     8x16       1  177
[178]  font8x16_180                                    8x16     8x16       1  178
[179]  font8x16_181                                    8x16     8x16       1  179
[180]  font8x16_182                                    8x16     8x16       1  180
[181]  font8x16_183                                    8x16     8x16       1  181
[182]  font8x16_184                                    8x16     8x16       1  182
[183]  font8x16_185                                    8x16     8x16       1  183
[184]  font8x16_186                                    8x16     8x16       1  184
[185]  font8x16_187                                    8x16     8x16       1  185
[186]  font8x16_188                                    8x16     8x16       1  186
[187]  font8x16_189                                    8x16     8x16       1  187
[188]  font8x16_190                                    8x16     8x16       1  188
[189]  font8x16_191                                    8x16     8x16       1  189
[190]  font8x16_192                                    8x16     8x16       1  190
[191]  font8x16_193                                    8x16     8x16       1  191
[192]  font8x16_194                                    8x16     8x16       1  192
[193]  font8x16_195                                    8x16     8x16       1  193
[194]  font8x16_196                                    8x16     8x16       1  194
[195]  font8x16_197                                    8x16     8x16       1  195
[196]  font8x16_198                                    8x16     8x16       1  196
[197]  font8x16_199                                    8x16     8x16       1  197
[198]  font8x16_200                                    8x16     8x16       1  198
[199]  font8x16_201                                    8x16     8x16       1  199
[200]  font8x16_202                                    8x16     8x16       1  200
[201]  font8x16_203                                    8x16     8x16       1  201
[202]  font8x16_204                                    8x16     8x16       1  202
[203]  font8x16_205                                    8x16     8x16       1  203
[204]  font8x16_206                                    8x16     8x16       1  204
[205]  font8x16_207                                    8x16     8x16       1  205
[206]  font8x16_208                                    8x16     8x16       1  206
[207]  font8x16_209                                    8x16     8x16       1  207
[208]  font8x16_210                                    8x16     8x16       1  208
[209]  font8x16_211                                    8x16     8x16       1  209
[210]  font8x16_212                                    8x16     8x16       1  210
[211]  font8x16_213                                    8x16     8x16       1  211
[212]  font8x16_214                                    8x16     8x16       1  212
[213]  font8x16_215                                    8x16     8x16       1  213
[214]  font8x16_216                                    8x16     8x16       1  214
[215]  font8x16_217                                    8x16     8x16       1  215
[216]  font8x16_218                                    8x16     8x16       1  216
[217]  font8x16_219                                    8x16     8x16       1  217
[218]  font8x16_220                                    8x16     8x16       1  218
[219]  font8x16_221                                    8x16     8x16       1  219
[220]  font8x16_222                                    8x16     8x16       1  220
[221]  font8x16_223                                    8x16     8x16       1  221
[222]  font8x16_224                                    8x16     8x16       1  222
[223]  font8x16_225                                    8x16     8x16       1  223
[224]  font8x16_226                                    8x16     8x16       1  224
[225]  font8x16_227                                    8x16     8x16       1  225
[226]  font8x16_228                                    8x16     8x16       1  226
[227]  font8x16_229                                    8x16     8x16       1  227
[228]  font8x16_230                                    8x16     8x16       1  228
[229]  font8x16_231                                    8x16     8x16       1  229
[230]  font8x16_232                                    8x16     8x16       1  230
[231]  font8x16_233                                    8x16     8x16       1  231
[232]  font8x16_234                                    8x16     8x16       1  232
[233]  font8x16_235                                    8x16     8x16       1  233
[234]  font8x16_236                                    8x16     8x16       1  234
[235]  font8x16_237                                    8x16     8x16       1  235
[236]  font8x16_238                                    8x16     8x16       1  236
[237]  font8x16_239                                    8x16     8x16       1  237
[238]  font8x16_240                                    8x16     8x16       1  238
[239]  font8x16_241                                    8x16     8x16       1  239
[240]  font8x16_242                                    8x16     8x16       1  240
[241]  font8x16_243                                    8x16     8x16       1  241
[242]  font8x16_244                                    8x16     8x16       1  242
[243]  font8x16_245                                    8x16     8x16       1  243
[244]  font8x16_246                                    8x16     8x16       1  244
[245]  font8x16_247                                    8x16     8x16       1  245
[246]  font8x16_248                                    8x16     8x16       1  246
[247]  font8x16_249                                    8x16     8x16       1  247
[248]  font8x16_250                                    8x16     8x16       1  248
[249]  font8x16_251                                    8x16     8x16       1  249
[250]  font8x16_252                                    8x16     8x16       1  250
[251]  font8x16_253                                    8x16     8x16       1  251
[252]  font8x16_254                                    8x16     8x16       1  252
