# assetes/dino.map — 50 sprites
# idx  name                                         tile     slice    z-frames  offset
[  0]  T-Rex_obj000_f000                              24x24    24x24      24  0
[  1]  T-Rex_obj000_f001                              24x24    24x24      24  24
[  2]  T-Rex_obj000_f002                              24x24    24x24      25  48
[  3]  T-Rex_obj000_f003                              24x24    24x24      25  73
[  4]  T-Rex_obj000_f004                              24x24    24x24      24  98
[  5]  T-Rex_obj000_f005                              24x24    24x24      24  122
[  6]  T-Rex_obj000_f006                              24x24    24x24      25  146
[  7]  T-Rex_obj000_f007                              24x24    24x24      25  171
[  8]  blocks_obj000                                  24x24    20x20      20  196
[  9]  blocks_obj001                                  24x24    20x20      20  216
[ 10]  blocks_obj002                                  24x24    20x20      20  236
[ 11]  blocks_obj003                                  24x24    20x20      20  256
[ 12]  blocks_obj004                                  16x8     12x5       12  276
[ 13]  blocks_obj005                                  24x24    20x20      20  288
[ 14]  blocks_obj006                                  24x8     20x6       20  308
[ 15]  blocks_obj007                                   8x8      8x8        8  328
[ 16]  blocks_obj008                                  24x24    20x20      20  336
[ 17]  blocks_obj009                                  24x24    20x20      20  356
[ 18]  blocks_obj010                                  24x24    20x20      20  376
[ 19]  blocks_obj011                                  24x24    20x20      20  396
[ 20]  blocks_obj012                                  24x24    20x20      20  416
[ 21]  blocks_obj013                                  24x8     20x6       20  436
[ 22]  blocks_obj014                                  16x8     12x5       12  456
[ 23]  blocks_obj015                                  24x24    20x20      20  468
[ 24]  blocks_obj016                                   8x8      8x8        8  488
[ 25]  blocks_obj017                                  24x24    20x20      20  496
[ 26]  blocks_obj018                                  24x24    20x20      20  516
[ 27]  blocks_obj019                                  24x24    20x20      20  536
[ 28]  blocks_obj020                                  24x24    20x20      40  556
[ 29]  blocks_obj021                                  24x16    20x12      30  596
[ 30]  blocks_obj022                                  24x16    20x12      30  626
[ 31]  blocks_obj023                                  24x24    20x20      40  656
[ 32]  blocks_obj024                                  24x24    20x20      20  696
[ 33]  blocks_obj025                                  24x24    20x20      20  716
[ 34]  deer_obj000_f000                               32x16    26x9       22  736
[ 35]  deer_obj000_f001                               32x16    26x9       23  758
[ 36]  deer_obj000_f002                               32x16    26x9       22  781
[ 37]  deer_obj000_f003                               32x16    26x9       23  803
[ 38]  horse_000                                      32x8     31x7       22  826
[ 39]  horse_001                                      32x8     31x7       19  848
[ 40]  horse_002                                      32x8     31x7       22  867
[ 41]  horse_003                                      32x8     31x7       21  889
[ 42]  mushrooms_obj000                               24x24    20x20      20  910
[ 43]  mushrooms_obj001                               24x24    20x20      19  930
[ 44]  mushrooms_obj002                               24x24    20x20      19  949
[ 45]  mushrooms_obj003                               24x24    20x20      18  968
[ 46]  mushrooms_obj004                               24x24    20x20      20  986
[ 47]  mushrooms_obj005                               24x24    20x20      19  1006
[ 48]  mushrooms_obj006                               24x24    20x20      19  1025
[ 49]  mushrooms_obj007                               24x24    20x20      18  1044
