# assets/iti.map — 38 sprites
# idx  name                                         tile     slice    z-frames  offset
[  0]  Esp_obj000                                     16x8      9x5       17  0
[  1]  Log_obj000                                     16x32    15x32      15  17
[  2]  arco_obj000                                    16x80    16x80      32  32
[  3]  banderin_obj000                                 8x8      5x1       16  64
[  4]  botella_obj000                                 32x32    30x30      33  80
[  5]  cabeza0_obj000                                 16x16    10x10      15  113
[  6]  cabeza1_obj000                                 16x16    10x10      15  128
[  7]  cabeza2_obj000                                 16x16    10x10      15  143
[  8]  cabeza_obj000                                  16x16    10x10      15  158
[  9]  chimchamplogotipo_obj000                       80x32    80x32      32  173
[ 10]  cuerpo-1_obj000                                16x8     12x5       17  205
[ 11]  cuerpo-2_obj000                                16x8     12x8       17  222
[ 12]  cuerpo-3_obj000                                16x8     12x8       18  239
[ 13]  loro1_obj000                                   16x16    16x16       5  257
[ 14]  loro2_obj000                                   16x16    16x16       5  262
[ 15]  loro3_obj000                                   16x16    16x16       5  267
[ 16]  mono0_obj000                                   16x16    12x16      16  272
[ 17]  mono1_obj000                                   16x16    12x16      16  288
[ 18]  mono2_obj000                                   16x16    12x16      16  304
[ 19]  mono3_obj000                                   16x16    12x16      16  320
[ 20]  mono4_obj000                                   16x16    12x16      16  336
[ 21]  mono5_obj000                                   16x16    12x16      15  352
[ 22]  mono_obj000                                    16x16    12x16      16  367
[ 23]  obj_tree1_obj000                               16x16    14x14      28  383
[ 24]  obj_tree1a_obj000                              16x16    14x14      28  411
[ 25]  obj_tree1b_obj000                              16x16    14x14      28  439
[ 26]  obj_tree1c_obj000                              16x16    14x14      28  467
[ 27]  obj_tree2_obj000                               24x24    18x18      36  495
[ 28]  obj_tree2a_obj000                              24x24    18x18      36  531
[ 29]  obj_tree2b_obj000                              24x24    18x18      36  567
[ 30]  obj_tree2c_obj000                              24x24    18x18      36  603
[ 31]  obj_tree3_obj000                               24x24    20x20      32  639
[ 32]  obj_tree4_obj000                               16x16    10x10      18  671
[ 33]  pelota_obj000                                   8x8      8x8        8  689
[ 34]  pelotao_obj000                                 16x16    16x16      16  697
[ 35]  tacho2_obj000                                  16x16     9x9        9  713
[ 36]  tacho_obj000                                   24x24    17x17      17  722
[ 37]  tribuna1_obj000                                24x32    24x32      16  739
