# assets/iti.map — 36 sprites
# idx  name                                         tile     slice    z-frames  offset
[  0]  Esp_obj000                                     16x8      9x5       17  0
[  1]  Log_obj000                                     16x16    15x15      32  17
[  2]  arco_obj000                                    16x32    16x32      80  49
[  3]  banderin_obj000                                 8x8      5x1       16  129
[  4]  botella_obj000                                 32x32    30x30      33  145
[  5]  cabeza0_obj000                                 16x16    10x10      15  178
[  6]  cabeza1_obj000                                 16x16    10x10      15  193
[  7]  cabeza2_obj000                                 16x16    10x10      15  208
[  8]  cabeza_obj000                                  16x16    10x10      15  223
[  9]  cuerpo-1_obj000                                16x8     12x5       17  238
[ 10]  cuerpo-2_obj000                                16x8     12x8       17  255
[ 11]  cuerpo-3_obj000                                16x8     12x8       18  272
[ 12]  logotiporeal_obj000                            80x32    76x30      29  290
[ 13]  loro1_obj000                                   16x16    16x16       5  319
[ 14]  loro2_obj000                                   16x16    16x16       5  324
[ 15]  loro3_obj000                                   16x16    16x16       5  329
[ 16]  mono0_obj000                                   16x16    16x16      16  334
[ 17]  mono1_obj000                                   16x16    16x16      16  350
[ 18]  mono2_obj000                                   16x16    16x16      16  366
[ 19]  mono3_obj000                                   16x16    16x16      16  382
[ 20]  mono4_obj000                                   16x16    16x16      16  398
[ 21]  mono5_obj000                                   16x16    16x16      15  414
[ 22]  obj_tree1_obj000                               16x16    16x16      28  429
[ 23]  obj_tree1a_obj000                              16x16    16x16      28  457
[ 24]  obj_tree1b_obj000                              16x16    16x16      28  485
[ 25]  obj_tree1c_obj000                              16x16    16x16      28  513
[ 26]  obj_tree2_obj000                               24x24    20x20      36  541
[ 27]  obj_tree2a_obj000                              24x24    20x20      36  577
[ 28]  obj_tree2b_obj000                              24x24    20x20      36  613
[ 29]  obj_tree2c_obj000                              24x24    20x20      36  649
[ 30]  obj_tree3_obj000                               24x24    20x20      32  685
[ 31]  obj_tree4_obj000                               16x16    12x12      18  717
[ 32]  pelotao_obj000                                 16x16    16x16      16  735
[ 33]  tacho2_obj000                                  16x16     9x9        9  751
[ 34]  tacho_obj000                                   24x24    17x17      17  760
[ 35]  tribuna1_obj000                                24x16    24x16      32  777
